  Determinando os projetos a serem restaurados...
  Todos os projetos est├úo atualizados para restaura├º├úo.
  BetSniffer.Ia -> F:\repository\BetSniffer.Api\BetSniffer.Ia\bin\Debug\net8.0\BetSniffer.Ia.dll

Compila├º├úo com ├¬xito.
    0 Aviso(s)
    0 Erro(s)

Tempo Decorrido 00:00:01.17
